// Jest Snapshot v1, https://goo.gl/fbAQLP

exports[`ReservationContainer should match the snapshot with all data passing correctly 1`] = `
<main
  className="main-container"
>
  <div
    className="select-container"
  >
    <select
      className="order-select"
      onChange={[Function]}
    >
      <option
        value=""
      >
        --Choose An Option--
      </option>
      <option
        value="newest"
      >
        Sort by Newest
      </option>
      <option
        value="oldest"
      >
        Sort by Oldest
      </option>
    </select>
  </div>
  <ReservationCard
    date="12/5"
    name="John Adams"
    number={4}
    time="4:00"
  />
</main>
`;
